// Jest Snapshot v1, https://goo.gl/fbAQLP

exports[`Render PlacesList 1`] = `
<div
  className="cities__places-list places__list tabs__content"
>
  <article
    className="cities__place-card place-card"
    onMouseEnter={[Function]}
  >
    <div
      className="place-card__mark"
    >
      <span>
        Premium
      </span>
    </div>
    <div
      className="cities__image-wrapper place-card__image-wrapper"
    >
      <a
        href="#"
      >
        <img
          alt="Place image"
          className="place-card__image"
          height="200"
          src="str-1.jpg"
          width="260"
        />
      </a>
    </div>
    <div
      className="place-card__info"
    >
      <div
        className="place-card__price-wrapper"
      >
        <div
          className="place-card__price"
        >
          <b
            className="place-card__price-value"
          >
            €
            111
          </b>
          <span
            className="place-card__price-text"
          >
            / night
          </span>
        </div>
        <button
          className="place-card__bookmark-button button"
          type="button"
        >
          <svg
            className="place-card__bookmark-icon"
            height="19"
            width="18"
          >
            <use
              href="#icon-bookmark"
            />
          </svg>
          <span
            className="visually-hidden"
          >
            To bookmarks
          </span>
        </button>
      </div>
      <div
        className="place-card__rating rating"
      >
        <div
          className="place-card__stars rating__stars"
        >
          <span
            style={
              Object {
                "width": "calc(20% * 1)",
              }
            }
          />
          <span
            className="visually-hidden"
          >
            Rating
          </span>
        </div>
      </div>
      <h2
        className="place-card__name"
      >
        <a
          href="#"
          onClick={[MockFunction]}
        >
          name-1
        </a>
      </h2>
      <p
        className="place-card__type"
      >
        type-1
      </p>
    </div>
  </article>
  <article
    className="cities__place-card place-card"
    onMouseEnter={[Function]}
  >
    <div
      className="place-card__mark"
    >
      <span>
        Premium
      </span>
    </div>
    <div
      className="cities__image-wrapper place-card__image-wrapper"
    >
      <a
        href="#"
      >
        <img
          alt="Place image"
          className="place-card__image"
          height="200"
          src="str-2.jpg"
          width="260"
        />
      </a>
    </div>
    <div
      className="place-card__info"
    >
      <div
        className="place-card__price-wrapper"
      >
        <div
          className="place-card__price"
        >
          <b
            className="place-card__price-value"
          >
            €
            222
          </b>
          <span
            className="place-card__price-text"
          >
            / night
          </span>
        </div>
        <button
          className="place-card__bookmark-button place-card__bookmark-button--active button"
          type="button"
        >
          <svg
            className="place-card__bookmark-icon"
            height="19"
            width="18"
          >
            <use
              href="#icon-bookmark"
            />
          </svg>
          <span
            className="visually-hidden"
          >
            To bookmarks
          </span>
        </button>
      </div>
      <div
        className="place-card__rating rating"
      >
        <div
          className="place-card__stars rating__stars"
        >
          <span
            style={
              Object {
                "width": "calc(20% * 2)",
              }
            }
          />
          <span
            className="visually-hidden"
          >
            Rating
          </span>
        </div>
      </div>
      <h2
        className="place-card__name"
      >
        <a
          href="#"
          onClick={[MockFunction]}
        >
          name-2
        </a>
      </h2>
      <p
        className="place-card__type"
      >
        type-2
      </p>
    </div>
  </article>
  <article
    className="cities__place-card place-card"
    onMouseEnter={[Function]}
  >
    <div
      className="cities__image-wrapper place-card__image-wrapper"
    >
      <a
        href="#"
      >
        <img
          alt="Place image"
          className="place-card__image"
          height="200"
          src="str-3.jpg"
          width="260"
        />
      </a>
    </div>
    <div
      className="place-card__info"
    >
      <div
        className="place-card__price-wrapper"
      >
        <div
          className="place-card__price"
        >
          <b
            className="place-card__price-value"
          >
            €
            333
          </b>
          <span
            className="place-card__price-text"
          >
            / night
          </span>
        </div>
        <button
          className="place-card__bookmark-button button"
          type="button"
        >
          <svg
            className="place-card__bookmark-icon"
            height="19"
            width="18"
          >
            <use
              href="#icon-bookmark"
            />
          </svg>
          <span
            className="visually-hidden"
          >
            To bookmarks
          </span>
        </button>
      </div>
      <div
        className="place-card__rating rating"
      >
        <div
          className="place-card__stars rating__stars"
        >
          <span
            style={
              Object {
                "width": "calc(20% * 3)",
              }
            }
          />
          <span
            className="visually-hidden"
          >
            Rating
          </span>
        </div>
      </div>
      <h2
        className="place-card__name"
      >
        <a
          href="#"
          onClick={[MockFunction]}
        >
          name-3
        </a>
      </h2>
      <p
        className="place-card__type"
      >
        type-3
      </p>
    </div>
  </article>
</div>
`;
